// Jest Snapshot v1, https://goo.gl/fbAQLP

exports[`renders correctly 1`] = `
<View
  style={
    {
      "alignItems": "center",
      "backgroundColor": "#ffffff",
      "flex": 1,
      "justifyContent": "center",
    }
  }
>
  <Image
    resizeMethod="auto"
    source={
      {
        "testUri": "../../../src/assets/ui/applogo.png",
      }
    }
    style={
      {
        "aspectRatio": 2,
        "height": "auto",
        "width": 525,
      }
    }
  />
  <View
    style={
      {
        "alignItems": "center",
        "bottom": 10,
        "flexDirection": "row",
        "justifyContent": "center",
        "position": "absolute",
      }
    }
  >
    <Text
      style={
        {
          "color": "#000000",
          "fontSize": 12,
        }
      }
    >
      Powered by
    </Text>
    <Image
      resizeMethod="auto"
      source={
        {
          "testUri": "../../../src/assets/ui/rakbank-logo-news.png",
        }
      }
      style={
        {
          "aspectRatio": 1,
          "height": "auto",
          "width": 112.5,
        }
      }
    />
  </View>
  <Image
    resizeMode="stretch"
    source={
      {
        "testUri": "../../../src/assets/ui/splash_bg.png",
      }
    }
    style={
      {
        "bottom": 30,
        "height": 533.6,
        "position": "absolute",
        "width": 750,
        "zIndex": -1,
      }
    }
  />
</View>
`;
